// Jest Snapshot v1, https://goo.gl/fbAQLP

exports[`dices renders correctly 1`] = `
<View
  collapsable={true}
  pointerEvents="box-none"
  style={
    Object {
      "flex": 1,
    }
  }
>
  <View
    style={
      Object {
        "alignItems": "center",
        "flexDirection": "row",
        "flexWrap": "wrap",
        "justifyContent": "center",
      }
    }
  >
    <View
      style={
        Object {
          "alignItems": "center",
          "justifyContent": "center",
          "margin": 10,
        }
      }
    >
      <View
        style={
          Object {
            "borderRadius": 3,
          }
        }
      >
        <View
          accessible={true}
          focusable={true}
          isTVSelectable={true}
          style={
            Object {
              "opacity": 1,
            }
          }
          testID="diceButton"
        >
          <View
            style={
              Object {
                "alignItems": "center",
                "backgroundColor": "#7851a9",
                "borderColor": "#2089dc",
                "borderRadius": 3,
                "borderWidth": 0,
                "flexDirection": "row",
                "height": 50,
                "justifyContent": "center",
                "padding": 8,
                "width": 50,
              }
            }
          >
            <Text
              style={
                Object {
                  "color": "white",
                  "fontSize": 18,
                  "paddingBottom": 1,
                  "paddingTop": 2,
                  "textAlign": "center",
                }
              }
            >
              4
            </Text>
          </View>
        </View>
      </View>
      <Text
        style={Object {}}
        theme={
          Object {
            "colors": Object {
              "disabled": "hsl(208, 8%, 90%)",
              "divider": "#bcbbc1",
              "error": "#ff190c",
              "grey0": "#393e42",
              "grey1": "#43484d",
              "grey2": "#5e6977",
              "grey3": "#86939e",
              "grey4": "#bdc6cf",
              "grey5": "#e1e8ee",
              "greyOutline": "#bbb",
              "platform": Object {
                "android": Object {
                  "error": "#f44336",
                  "primary": "#2196f3",
                  "secondary": "#9C27B0",
                  "success": "#4caf50",
                  "warning": "#ffeb3b",
                },
                "ios": Object {
                  "error": "#ff3b30",
                  "primary": "#007aff",
                  "secondary": "#5856d6",
                  "success": "#4cd964",
                  "warning": "#ffcc00",
                },
              },
              "primary": "#2089dc",
              "searchBg": "#303337",
              "secondary": "#8F0CE8",
              "success": "#52c41a",
              "warning": "#faad14",
            },
          }
        }
      >
        d
        4
      </Text>
    </View>
    <View
      style={
        Object {
          "alignItems": "center",
          "justifyContent": "center",
          "margin": 10,
        }
      }
    >
      <View
        style={
          Object {
            "borderRadius": 3,
          }
        }
      >
        <View
          accessible={true}
          focusable={true}
          isTVSelectable={true}
          style={
            Object {
              "opacity": 1,
            }
          }
          testID="diceButton"
        >
          <View
            style={
              Object {
                "alignItems": "center",
                "backgroundColor": "#7851a9",
                "borderColor": "#2089dc",
                "borderRadius": 3,
                "borderWidth": 0,
                "flexDirection": "row",
                "height": 50,
                "justifyContent": "center",
                "padding": 8,
                "width": 50,
              }
            }
          >
            <Text
              style={
                Object {
                  "color": "white",
                  "fontSize": 18,
                  "paddingBottom": 1,
                  "paddingTop": 2,
                  "textAlign": "center",
                }
              }
            >
              6
            </Text>
          </View>
        </View>
      </View>
      <Text
        style={Object {}}
        theme={
          Object {
            "colors": Object {
              "disabled": "hsl(208, 8%, 90%)",
              "divider": "#bcbbc1",
              "error": "#ff190c",
              "grey0": "#393e42",
              "grey1": "#43484d",
              "grey2": "#5e6977",
              "grey3": "#86939e",
              "grey4": "#bdc6cf",
              "grey5": "#e1e8ee",
              "greyOutline": "#bbb",
              "platform": Object {
                "android": Object {
                  "error": "#f44336",
                  "primary": "#2196f3",
                  "secondary": "#9C27B0",
                  "success": "#4caf50",
                  "warning": "#ffeb3b",
                },
                "ios": Object {
                  "error": "#ff3b30",
                  "primary": "#007aff",
                  "secondary": "#5856d6",
                  "success": "#4cd964",
                  "warning": "#ffcc00",
                },
              },
              "primary": "#2089dc",
              "searchBg": "#303337",
              "secondary": "#8F0CE8",
              "success": "#52c41a",
              "warning": "#faad14",
            },
          }
        }
      >
        d
        6
      </Text>
    </View>
    <View
      style={
        Object {
          "alignItems": "center",
          "justifyContent": "center",
          "margin": 10,
        }
      }
    >
      <View
        style={
          Object {
            "borderRadius": 3,
          }
        }
      >
        <View
          accessible={true}
          focusable={true}
          isTVSelectable={true}
          style={
            Object {
              "opacity": 1,
            }
          }
          testID="diceButton"
        >
          <View
            style={
              Object {
                "alignItems": "center",
                "backgroundColor": "#7851a9",
                "borderColor": "#2089dc",
                "borderRadius": 3,
                "borderWidth": 0,
                "flexDirection": "row",
                "height": 50,
                "justifyContent": "center",
                "padding": 8,
                "width": 50,
              }
            }
          >
            <Text
              style={
                Object {
                  "color": "white",
                  "fontSize": 18,
                  "paddingBottom": 1,
                  "paddingTop": 2,
                  "textAlign": "center",
                }
              }
            >
              8
            </Text>
          </View>
        </View>
      </View>
      <Text
        style={Object {}}
        theme={
          Object {
            "colors": Object {
              "disabled": "hsl(208, 8%, 90%)",
              "divider": "#bcbbc1",
              "error": "#ff190c",
              "grey0": "#393e42",
              "grey1": "#43484d",
              "grey2": "#5e6977",
              "grey3": "#86939e",
              "grey4": "#bdc6cf",
              "grey5": "#e1e8ee",
              "greyOutline": "#bbb",
              "platform": Object {
                "android": Object {
                  "error": "#f44336",
                  "primary": "#2196f3",
                  "secondary": "#9C27B0",
                  "success": "#4caf50",
                  "warning": "#ffeb3b",
                },
                "ios": Object {
                  "error": "#ff3b30",
                  "primary": "#007aff",
                  "secondary": "#5856d6",
                  "success": "#4cd964",
                  "warning": "#ffcc00",
                },
              },
              "primary": "#2089dc",
              "searchBg": "#303337",
              "secondary": "#8F0CE8",
              "success": "#52c41a",
              "warning": "#faad14",
            },
          }
        }
      >
        d
        8
      </Text>
    </View>
    <View
      style={
        Object {
          "alignItems": "center",
          "justifyContent": "center",
          "margin": 10,
        }
      }
    >
      <View
        style={
          Object {
            "borderRadius": 3,
          }
        }
      >
        <View
          accessible={true}
          focusable={true}
          isTVSelectable={true}
          style={
            Object {
              "opacity": 1,
            }
          }
          testID="diceButton"
        >
          <View
            style={
              Object {
                "alignItems": "center",
                "backgroundColor": "#7851a9",
                "borderColor": "#2089dc",
                "borderRadius": 3,
                "borderWidth": 0,
                "flexDirection": "row",
                "height": 50,
                "justifyContent": "center",
                "padding": 8,
                "width": 50,
              }
            }
          >
            <Text
              style={
                Object {
                  "color": "white",
                  "fontSize": 18,
                  "paddingBottom": 1,
                  "paddingTop": 2,
                  "textAlign": "center",
                }
              }
            >
              10
            </Text>
          </View>
        </View>
      </View>
      <Text
        style={Object {}}
        theme={
          Object {
            "colors": Object {
              "disabled": "hsl(208, 8%, 90%)",
              "divider": "#bcbbc1",
              "error": "#ff190c",
              "grey0": "#393e42",
              "grey1": "#43484d",
              "grey2": "#5e6977",
              "grey3": "#86939e",
              "grey4": "#bdc6cf",
              "grey5": "#e1e8ee",
              "greyOutline": "#bbb",
              "platform": Object {
                "android": Object {
                  "error": "#f44336",
                  "primary": "#2196f3",
                  "secondary": "#9C27B0",
                  "success": "#4caf50",
                  "warning": "#ffeb3b",
                },
                "ios": Object {
                  "error": "#ff3b30",
                  "primary": "#007aff",
                  "secondary": "#5856d6",
                  "success": "#4cd964",
                  "warning": "#ffcc00",
                },
              },
              "primary": "#2089dc",
              "searchBg": "#303337",
              "secondary": "#8F0CE8",
              "success": "#52c41a",
              "warning": "#faad14",
            },
          }
        }
      >
        d
        10
      </Text>
    </View>
    <View
      style={
        Object {
          "alignItems": "center",
          "justifyContent": "center",
          "margin": 10,
        }
      }
    >
      <View
        style={
          Object {
            "borderRadius": 3,
          }
        }
      >
        <View
          accessible={true}
          focusable={true}
          isTVSelectable={true}
          style={
            Object {
              "opacity": 1,
            }
          }
          testID="diceButton"
        >
          <View
            style={
              Object {
                "alignItems": "center",
                "backgroundColor": "#7851a9",
                "borderColor": "#2089dc",
                "borderRadius": 3,
                "borderWidth": 0,
                "flexDirection": "row",
                "height": 50,
                "justifyContent": "center",
                "padding": 8,
                "width": 50,
              }
            }
          >
            <Text
              style={
                Object {
                  "color": "white",
                  "fontSize": 18,
                  "paddingBottom": 1,
                  "paddingTop": 2,
                  "textAlign": "center",
                }
              }
            >
              12
            </Text>
          </View>
        </View>
      </View>
      <Text
        style={Object {}}
        theme={
          Object {
            "colors": Object {
              "disabled": "hsl(208, 8%, 90%)",
              "divider": "#bcbbc1",
              "error": "#ff190c",
              "grey0": "#393e42",
              "grey1": "#43484d",
              "grey2": "#5e6977",
              "grey3": "#86939e",
              "grey4": "#bdc6cf",
              "grey5": "#e1e8ee",
              "greyOutline": "#bbb",
              "platform": Object {
                "android": Object {
                  "error": "#f44336",
                  "primary": "#2196f3",
                  "secondary": "#9C27B0",
                  "success": "#4caf50",
                  "warning": "#ffeb3b",
                },
                "ios": Object {
                  "error": "#ff3b30",
                  "primary": "#007aff",
                  "secondary": "#5856d6",
                  "success": "#4cd964",
                  "warning": "#ffcc00",
                },
              },
              "primary": "#2089dc",
              "searchBg": "#303337",
              "secondary": "#8F0CE8",
              "success": "#52c41a",
              "warning": "#faad14",
            },
          }
        }
      >
        d
        12
      </Text>
    </View>
    <View
      style={
        Object {
          "alignItems": "center",
          "justifyContent": "center",
          "margin": 10,
        }
      }
    >
      <View
        style={
          Object {
            "borderRadius": 3,
          }
        }
      >
        <View
          accessible={true}
          focusable={true}
          isTVSelectable={true}
          style={
            Object {
              "opacity": 1,
            }
          }
          testID="diceButton"
        >
          <View
            style={
              Object {
                "alignItems": "center",
                "backgroundColor": "#7851a9",
                "borderColor": "#2089dc",
                "borderRadius": 3,
                "borderWidth": 0,
                "flexDirection": "row",
                "height": 50,
                "justifyContent": "center",
                "padding": 8,
                "width": 50,
              }
            }
          >
            <Text
              style={
                Object {
                  "color": "white",
                  "fontSize": 18,
                  "paddingBottom": 1,
                  "paddingTop": 2,
                  "textAlign": "center",
                }
              }
            >
              20
            </Text>
          </View>
        </View>
      </View>
      <Text
        style={Object {}}
        theme={
          Object {
            "colors": Object {
              "disabled": "hsl(208, 8%, 90%)",
              "divider": "#bcbbc1",
              "error": "#ff190c",
              "grey0": "#393e42",
              "grey1": "#43484d",
              "grey2": "#5e6977",
              "grey3": "#86939e",
              "grey4": "#bdc6cf",
              "grey5": "#e1e8ee",
              "greyOutline": "#bbb",
              "platform": Object {
                "android": Object {
                  "error": "#f44336",
                  "primary": "#2196f3",
                  "secondary": "#9C27B0",
                  "success": "#4caf50",
                  "warning": "#ffeb3b",
                },
                "ios": Object {
                  "error": "#ff3b30",
                  "primary": "#007aff",
                  "secondary": "#5856d6",
                  "success": "#4cd964",
                  "warning": "#ffcc00",
                },
              },
              "primary": "#2089dc",
              "searchBg": "#303337",
              "secondary": "#8F0CE8",
              "success": "#52c41a",
              "warning": "#faad14",
            },
          }
        }
      >
        d
        20
      </Text>
    </View>
    <View
      style={
        Object {
          "alignItems": "center",
          "justifyContent": "center",
          "margin": 10,
        }
      }
    >
      <View
        style={
          Object {
            "borderRadius": 3,
          }
        }
      >
        <View
          accessible={true}
          focusable={true}
          isTVSelectable={true}
          style={
            Object {
              "opacity": 1,
            }
          }
          testID="diceButton"
        >
          <View
            style={
              Object {
                "alignItems": "center",
                "backgroundColor": "#7851a9",
                "borderColor": "#2089dc",
                "borderRadius": 3,
                "borderWidth": 0,
                "flexDirection": "row",
                "height": 50,
                "justifyContent": "center",
                "padding": 8,
                "width": 50,
              }
            }
          >
            <Text
              style={
                Object {
                  "color": "white",
                  "fontSize": 18,
                  "paddingBottom": 1,
                  "paddingTop": 2,
                  "textAlign": "center",
                }
              }
            >
              100
            </Text>
          </View>
        </View>
      </View>
      <Text
        style={Object {}}
        theme={
          Object {
            "colors": Object {
              "disabled": "hsl(208, 8%, 90%)",
              "divider": "#bcbbc1",
              "error": "#ff190c",
              "grey0": "#393e42",
              "grey1": "#43484d",
              "grey2": "#5e6977",
              "grey3": "#86939e",
              "grey4": "#bdc6cf",
              "grey5": "#e1e8ee",
              "greyOutline": "#bbb",
              "platform": Object {
                "android": Object {
                  "error": "#f44336",
                  "primary": "#2196f3",
                  "secondary": "#9C27B0",
                  "success": "#4caf50",
                  "warning": "#ffeb3b",
                },
                "ios": Object {
                  "error": "#ff3b30",
                  "primary": "#007aff",
                  "secondary": "#5856d6",
                  "success": "#4cd964",
                  "warning": "#ffcc00",
                },
              },
              "primary": "#2089dc",
              "searchBg": "#303337",
              "secondary": "#8F0CE8",
              "success": "#52c41a",
              "warning": "#faad14",
            },
          }
        }
      >
        d
        100
      </Text>
    </View>
  </View>
</View>
`;
