// Jest Snapshot v1, https://goo.gl/fbAQLP

exports[`renders correctly 1`] = `
<View
  collapsable={true}
  pointerEvents="box-none"
  style={
    Object {
      "flex": 1,
    }
  }
>
  <Text
    style={
      Array [
        undefined,
        Object {
          "fontFamily": "space-mono",
        },
      ]
    }
  >
    Snapshot test!
  </Text>
</View>
`;
